// Jest Snapshot v1, https://goo.gl/fbAQLP

exports[`should render addExpensePage correctly 1`] = `
<div>
  <h3>
     Create Expense 
  </h3>
  <ExpenseForm
    onSubmit={[Function]}
  />
</div>
`;
