// Jest Snapshot v1, https://goo.gl/fbAQLP

exports[`should render ExpenseList with empty message 1`] = `
<div>
  <h1>
    Expense List
  </h1>
  <p>
    No expenses
  </p>
</div>
`;

exports[`should render ExpenseList with expenses 1`] = `
<div>
  <h1>
    Expense List
  </h1>
  <ExpenseListItem
    amount={1500}
    createdAt={0}
    description="rent"
    id="1"
    key="1"
    note="rent for may"
  />
  <ExpenseListItem
    amount={5}
    createdAt={-345600000}
    description="cofee"
    id="2"
    key="2"
    note="starbucks"
  />
  <ExpenseListItem
    amount={5034}
    createdAt={345600000}
    description="credit card"
    id="3"
    key="3"
    note="citi bank"
  />
</div>
`;
