// Jest Snapshot v1, https://goo.gl/fbAQLP

exports[`should render expenseListItem 1`] = `
<div>
  <Link
    replace={false}
    to="/edit/1"
  >
    <h3>
      rent
    </h3>
  </Link>
  <p>
    $15.00
    -
    Dec 31st, 1969
  </p>
</div>
`;
